// Bun Snapshot v1, https://goo.gl/fbAQLP

exports[`utility-types > snapshot modular 1`] = `11395`;

exports[`utility-types > snapshot reference 1`] = `11206`;
